/home/user/spaceship-titanic/src/03_cabin.py:67: Pandas4Warning: Starting with pandas version 4.0 all arguments of sum will be keyword-only.
  ctn = ct.div(ct.sum(1), axis=0)
/home/user/spaceship-titanic/src/03_cabin.py:19: Pandas4Warning: Starting with pandas version 4.0 all arguments of sum will be keyword-only.
  chi2 = ((ct - np.outer(ct.sum(1), ct.sum(0)) / ct.values.sum()) ** 2
/home/user/spaceship-titanic/src/03_cabin.py:19: Pandas4Warning: Starting with pandas version 4.0 all arguments of sum will be keyword-only.
  chi2 = ((ct - np.outer(ct.sum(1), ct.sum(0)) / ct.values.sum()) ** 2
/home/user/spaceship-titanic/src/03_cabin.py:20: Pandas4Warning: Starting with pandas version 4.0 all arguments of sum will be keyword-only.
  / (np.outer(ct.sum(1), ct.sum(0)) / ct.values.sum())).values.sum()
/home/user/spaceship-titanic/src/03_cabin.py:20: Pandas4Warning: Starting with pandas version 4.0 all arguments of sum will be keyword-only.
  / (np.outer(ct.sum(1), ct.sum(0)) / ct.values.sum())).values.sum()
/home/user/spaceship-titanic/src/03_cabin.py:19: Pandas4Warning: Starting with pandas version 4.0 all arguments of sum will be keyword-only.
  chi2 = ((ct - np.outer(ct.sum(1), ct.sum(0)) / ct.values.sum()) ** 2
/home/user/spaceship-titanic/src/03_cabin.py:19: Pandas4Warning: Starting with pandas version 4.0 all arguments of sum will be keyword-only.
  chi2 = ((ct - np.outer(ct.sum(1), ct.sum(0)) / ct.values.sum()) ** 2
/home/user/spaceship-titanic/src/03_cabin.py:20: Pandas4Warning: Starting with pandas version 4.0 all arguments of sum will be keyword-only.
  / (np.outer(ct.sum(1), ct.sum(0)) / ct.values.sum())).values.sum()
/home/user/spaceship-titanic/src/03_cabin.py:20: Pandas4Warning: Starting with pandas version 4.0 all arguments of sum will be keyword-only.
  / (np.outer(ct.sum(1), ct.sum(0)) / ct.values.sum())).values.sum()
======================================================================
03 CABIN: DECK / NUM / SIDE
======================================================================
marginal transport rate (train) = 0.5036

[rate by deck] frame=train
         n     k    rate      lo      hi  ci_width
Deck                                              
A      256   127  0.4961  0.4354  0.5569    0.1216
B      779   572  0.7343  0.7022  0.7641    0.0619
C      747   508  0.6801  0.6458  0.7125    0.0668
D      478   207  0.4331  0.3893  0.4778    0.0885
E      876   313  0.3573  0.3263  0.3896    0.0633
F     2794  1229  0.4399  0.4216  0.4583    0.0368
G     2559  1321  0.5162  0.4968  0.5355    0.0387
T        5     1  0.2000  0.0362  0.6245    0.5882
  -> figures/03_rate_by_deck.png

[deck x HomePlanet] frame=combined
HomePlanet  Earth  Europa  Mars
Deck                           
A               0     346     0
B               0    1124     0
C               0    1081     0
D               0     296   406
E             583     197   508
F            2426       0  1713
G            3700       0     0
T               0      10     0

  row-normalised (P(HomePlanet | deck)):
HomePlanet  Earth  Europa   Mars
Deck                            
A           0.000   1.000  0.000
B           0.000   1.000  0.000
C           0.000   1.000  0.000
D           0.000   0.422  0.578
E           0.453   0.153  0.394
F           0.586   0.000  0.414
G           1.000   0.000  0.000
T           0.000   1.000  0.000

  Cramer's V (deck, HomePlanet) = 0.7506
  decks that are single-planet (>=99% one planet): ['A', 'B', 'C', 'G', 'T']
  decks that are mixed (<99%): ['D', 'E', 'F']
  -> figures/03_deck_by_homeplanet.png

[deck effect within HomePlanet stratum] frame=train
                    n    rate
HomePlanet Deck              
Earth      E      395  0.3722
           F     1614  0.2924
           G     2498  0.5180
Europa     A      252  0.4960
           B      766  0.7337
           C      734  0.6771
           D      186  0.5860
           E      128  0.5469
Mars       D      282  0.3333
           E      330  0.2606
           F     1110  0.6505
  Earth: deck rate spread = 0.2256 (F=0.292 .. G=0.518)
  Europa: deck rate spread = 0.2376 (A=0.496 .. B=0.734)
  Mars: deck rate spread = 0.3898 (E=0.261 .. F=0.650)
  -> figures/03_deck_within_homeplanet.png

[rate by side] frame=train
         n     k    rate      lo      hi  ci_width
Side                                              
P     4206  1898  0.4513  0.4363  0.4663    0.0301
S     4288  2380  0.5550  0.5401  0.5699    0.0297
NaN    199   100  0.5025  0.4337  0.5713    0.1376
  S - P gap = +0.1038

[side x deck rate] frame=train
              n    rate
Deck Side              
A    P      117  0.4359
     S      139  0.5468
B    P      353  0.6742
     S      426  0.7840
C    P      341  0.5806
     S      406  0.7635
D    P      248  0.4032
     S      230  0.4652
E    P      429  0.3427
     S      447  0.3714
F    P     1438  0.4110
     S     1356  0.4705
G    P     1276  0.4483
     S     1283  0.5838
  -> figures/03_side_by_deck.png

[cabin number geometry] frame=combined
      size  min   max  median
Deck                         
A      354    0   109    51.0
B     1141    0   353   165.0
C     1102    0   342   162.0
D      720    0   297   138.0
E     1323    0   608   299.0
F     4239    0  1894   926.0
G     3781    0  1508   754.0
T       11    0     4     2.0
  multi-member groups with a cabin: 2068
  ...all in ONE identical cabin: 1397 (67.6%)
  ...split across 2+ cabins but span <= 2: 1
  ...split, span > 10                   : 654
  span of the split groups: median=254 max=1581
  split groups that also span >1 DECK: 671 of 671
  -> there is no 'adjacent cabin' case. A group either shares one
     identical cabin (2/3) or is scattered across different decks
     entirely (1/3). CabinNum is a location, not a group id.

[rate by cabin-number decile, per deck] frame=train
  deck B: rate across num-deciles 0.680..0.792 (spread 0.112, 10 bins)
  deck C: rate across num-deciles 0.541..0.781 (spread 0.240, 10 bins)
  deck D: rate across num-deciles 0.292..0.490 (spread 0.198, 10 bins)
  deck E: rate across num-deciles 0.318..0.411 (spread 0.093, 10 bins)
  deck F: rate across num-deciles 0.369..0.545 (spread 0.176, 10 bins)
  deck G: rate across num-deciles 0.371..0.734 (spread 0.363, 10 bins)
  -> figures/03_rate_by_cabinnum.png
